[dotenv@17.2.3] injecting env (8) from .env -- tip: ÔÜÖ´©Å  write to custom object with { processEnv: myObject }
Testing SMTP Configuration...
Host: smtp-relay.brevo.com
Port: 587
User: 9d6115001@smtp-brevo.com
From: Doorspitals App <ravindranathjha76@gmail.com>
Email sent successfully: 250 2.0.0 OK: queued as <3b6bfd82-66c0-6568-3947-7a9146abf59b@gmail.com>
Ô£à Test email sent successfully!
